// Jest Snapshot v1, https://goo.gl/fbAQLP

exports[`App should render correctly in "debug" mode 1`] = `
<div
  className="app"
>
  <Game
    player={1}
  />
</div>
`;
